// Jest Snapshot v1, https://goo.gl/fbAQLP

exports[`Mounted ButtonPrimary renders correctly 1`] = `
<button
  class="button"
>
  ButtonName
</button>
`;
